[*] Generating 50000 payloads for Rehash Exhaustion...
[*] Launching target process: ./fuzzer_target

========================================
          FUZZING CAMPAIGN END          
========================================
Total Payloads Sent : 50000
Peak Latency (ms)   : 2.2700
Structural Anomalies: 0
========================================

[*] Generating Max-Length payloads for CPU/Cache Starvation...
[*] Launching target process: ./fuzzer_target
[ANOMALY] OP:0 | SUCCESS:1 | TIME_MS:25.852000 | SIZE:1

========================================
          FUZZING CAMPAIGN END          
========================================
Total Payloads Sent : 50
Peak Latency (ms)   : 25.8520
Structural Anomalies: 1
========================================

[*] Generating Edge-Case payloads...
[*] Launching target process: ./fuzzer_target
[ANOMALY] OP:3 | SUCCESS:1 | TIME_MS:25.754000 | SIZE:3

========================================
          FUZZING CAMPAIGN END          
========================================
Total Payloads Sent : 4
Peak Latency (ms)   : 25.7540
Structural Anomalies: 1
========================================

[*] Generating Incremental Expansion payloads...
[*] Launching target process: ./fuzzer_target
[ANOMALY] OP:12 | SUCCESS:1 | TIME_MS:6.797000 | SIZE:13

========================================
          FUZZING CAMPAIGN END          
========================================
Total Payloads Sent : 13
Peak Latency (ms)   : 6.7970
Structural Anomalies: 1
========================================

